// Jest Snapshot v1, https://jestjs.io/docs/snapshot-testing

exports[`import-type-attributes.ts format 1`] = `
====================================options=====================================
parsers: ["typescript"]
                                                      printWidth: 80 (default) |
=====================================input======================================
type A = import("foo", {with: {type: "json"}})

=====================================output=====================================
type A = import("foo", { with: { type: "json" } });

================================================================================
`;

exports[`import-type-attributes.ts format[acorn-ts] 1`] = `
"Unexpected token (1:22)
> 1 | type A = import("foo", {with: {type: "json"}})
    |                      ^
  2 |
Cause: Unexpected token (1:21)"
`;
