// Jest Snapshot v1, https://jestjs.io/docs/snapshot-testing

exports[`break.ts format 1`] = `
====================================options=====================================
parsers: ["typescript", "flow"]
printWidth: 80
                                                                                | printWidth
=====================================input======================================
class MyContractSelectionWidget extends React.Component<void,  MyContractSelectionWidgetPropsType, void> implements SomethingLarge {
  method() {}
}

class DisplayObject1
  extends utils.EventEmitter
  implements interaction_InteractiveTarget {
}

class DisplayObject2 extends utils.EventEmitter
  implements interaction_InteractiveTarget {
}

class DisplayObject3 extends utils.EventEmitter
  implements interaction_InteractiveTarget,
    somethingElse_SomeOtherThing,
    somethingElseAgain_RunningOutOfNames {
}

class DisplayObject4 extends utils.EventEmitter implements interaction_InteractiveTarget {}
class Readable extends events.EventEmitter implements NodeJS_ReadableStream {}
class InMemoryAppender extends log4javascript.Appender implements ICachedLogMessageProvider {}

class Foo extends Immutable.Record({
  ipaddress: '',
}) {
  ipaddress: string;
}

export class VisTimelineComponent
	implements AfterViewInit, OnChanges, OnDestroy {
}
export class VisTimelineComponent2
	implements AfterViewInit, OnChanges, OnDestroy, AndSomethingReallyReallyLong {
}

=====================================output=====================================
class MyContractSelectionWidget
  extends React.Component<void, MyContractSelectionWidgetPropsType, void>
  implements SomethingLarge
{
  method() {}
}

class DisplayObject1
  extends utils.EventEmitter
  implements interaction_InteractiveTarget {}

class DisplayObject2
  extends utils.EventEmitter
  implements interaction_InteractiveTarget {}

class DisplayObject3
  extends utils.EventEmitter
  implements
    interaction_InteractiveTarget,
    somethingElse_SomeOtherThing,
    somethingElseAgain_RunningOutOfNames {}

class DisplayObject4
  extends utils.EventEmitter
  implements interaction_InteractiveTarget {}
class Readable extends events.EventEmitter implements NodeJS_ReadableStream {}
class InMemoryAppender
  extends log4javascript.Appender
  implements ICachedLogMessageProvider {}

class Foo extends Immutable.Record({
  ipaddress: "",
}) {
  ipaddress: string;
}

export class VisTimelineComponent
  implements AfterViewInit, OnChanges, OnDestroy {}
export class VisTimelineComponent2
  implements
    AfterViewInit,
    OnChanges,
    OnDestroy,
    AndSomethingReallyReallyLong {}

================================================================================
`;

exports[`break-heritage.ts format 1`] = `
====================================options=====================================
parsers: ["typescript", "flow"]
printWidth: 80
                                                                                | printWidth
=====================================input======================================
class looooooooooooooooooong1 extends looooooooooooooooooong implements loooooooooooooooooooong {
  // leading comment
  property: string;
}

class looooooooooooooooooong2 extends looooooooooooooooooong implements loooooooooooooooooooong {
  property: string;
}

class looooooooooooooooooong3 extends looooooooooooooooooong implements loooooooooooooooooooong {

  property: string;
}

class looooooooooooooooooong4 extends looooooooooooooooooong implements loooooooooooooooooooong, loooooooooooooooooooong, loooooooooooooooooooong {
  property: string;
}

=====================================output=====================================
class looooooooooooooooooong1
  extends looooooooooooooooooong
  implements loooooooooooooooooooong
{
  // leading comment
  property: string;
}

class looooooooooooooooooong2
  extends looooooooooooooooooong
  implements loooooooooooooooooooong
{
  property: string;
}

class looooooooooooooooooong3
  extends looooooooooooooooooong
  implements loooooooooooooooooooong
{
  property: string;
}

class looooooooooooooooooong4
  extends looooooooooooooooooong
  implements
    loooooooooooooooooooong,
    loooooooooooooooooooong,
    loooooooooooooooooooong
{
  property: string;
}

================================================================================
`;

exports[`member-expression-heritage.ts format 1`] = `
====================================options=====================================
parsers: ["typescript", "flow"]
printWidth: 80
                                                                                | printWidth
=====================================input======================================
// Issue #18246: Prevent ugly breaks in member expressions in heritage clauses

// Long class name with member expression in implements
class EnsureNoDisposablesAreLeakedInTestSuiteSuite implements eslint.Rule.RuleModule {};

// Short case - should stay on one line
class A implements B.C {};

// Deep member expression
class VeryLongClassName implements deeply.nested.member.expression.RuleModule {};

// Multiple implements with member expressions
class MyClass implements A.B, C.D {};

// Both extends and implements with member expressions
class MyLongClass extends Some.Base implements Another.Interface {};

// Class expression in assignment
bar = class implements aaaaaaaa.bbbbbbbb.cccccccc.dddddddd.eeeeeeee.ffffffff.gggggggg2 {
  method() {}
};

// Interface with extends
interface VeryLongInterfaceName extends some.deeply.nested.member.expression.Interface {}

=====================================output=====================================
// Issue #18246: Prevent ugly breaks in member expressions in heritage clauses

// Long class name with member expression in implements
class EnsureNoDisposablesAreLeakedInTestSuiteSuite implements (
  eslint.Rule.RuleModule
) {}

// Short case - should stay on one line
class A implements B.C {}

// Deep member expression
class VeryLongClassName implements deeply.nested.member.expression.RuleModule {}

// Multiple implements with member expressions
class MyClass implements A.B, C.D {}

// Both extends and implements with member expressions
class MyLongClass extends Some.Base implements Another.Interface {}

// Class expression in assignment
bar = class implements (
  aaaaaaaa.bbbbbbbb.cccccccc.dddddddd.eeeeeeee.ffffffff.gggggggg2
) {
  method() {}
};

// Interface with extends
interface VeryLongInterfaceName extends (
  some.deeply.nested.member.expression.Interface
) {}

================================================================================
`;
