// Jest Snapshot v1, https://goo.gl/fbAQLP

exports[`--checks works in CI just as in a non-TTY mode 1`] = `
=================================== (stderr) ===================================
[warn] unformatted.js
[warn] Code style issues found in the above file(s). Forgot to run Prettier?

=================================== (stdout) ===================================
Checking formatting...

=================================== (write) ====================================
[]
`;

exports[`--checks works in CI just as in a non-TTY mode 2`] = `
=================================== (stderr) ===================================
[warn] unformatted.js
[warn] Code style issues found in the above file(s). Forgot to run Prettier?

=================================== (stdout) ===================================
Checking formatting...

=================================== (write) ====================================
[]
`;

exports[`checks stdin with --check 1`] = `
=================================== (write) ====================================
[]
`;

exports[`checks stdin with -c (alias for --check) 1`] = `
=================================== (write) ====================================
[]
`;
