// Jest Snapshot v1, https://goo.gl/fbAQLP

exports[`throw error with invalid ignore 1`] = `
=================================== (stderr) ===================================
[error] Unable to read E:\\project\\@forks\\prettier\\tests_integration\\cli\\invalid-ignore\\.prettierignore: EISDIR: illegal operation on a directory, read

=================================== (stdout) ===================================

=================================== (write) ====================================
[]
`;
