// Jest Snapshot v1, https://goo.gl/fbAQLP

exports[`Should use default level logger to log \`--loglevel\` error 1`] = `
=================================== (stderr) ===================================
[error] Invalid --loglevel value. Expected "debug", "error", "log", "silent" or "warn", but received "a-unknown-log-level".

`;
