// Jest Snapshot v1, https://jestjs.io/docs/snapshot-testing

exports[`destructuring.ts format 1`] = `
====================================options=====================================
parsers: ["typescript"]
                                                      printWidth: 80 (default) |
=====================================input======================================
({ foo = [] } = bar);

function f({ x }?) {}
function g([ x ]?) {}

=====================================output=====================================
({ foo = [] } = bar);

function f({ x }?) {}
function g([x]?) {}

================================================================================
`;

exports[`destructuring.ts format[acorn-ts] 1`] = `
"A binding pattern parameter cannot be optional in an implementation signature. (3:12)
  1 | ({ foo = [] } = bar);
  2 |
> 3 | function f({ x }?) {}
    |            ^
  4 | function g([ x ]?) {}
  5 |
Cause: A binding pattern parameter cannot be optional in an implementation signature. (3:11)"
`;
