// Jest Snapshot v1, https://goo.gl/fbAQLP

exports[`array_of_functions.js format 1`] = `
====================================options=====================================
parsers: ["flow", "babel"]
printWidth: 80
                                                                                | printWidth
=====================================input======================================
// @flow

const actionArray: (() => void)[] = [];

=====================================output=====================================
// @flow

const actionArray: (() => void)[] = [];

================================================================================
`;
