// Jest Snapshot v1, https://jestjs.io/docs/snapshot-testing

exports[`callSignature.ts format 1`] = `
====================================options=====================================
parsers: ["typescript"]
                                                      printWidth: 80 (default) |
=====================================input======================================
interface I {
    ();
    (): void;
    <T, U>(arg: T);
    <T, U>(arg: T): U;
}

Promise.all<void>([]);

=====================================output=====================================
interface I {
  ();
  (): void;
  <T, U>(arg: T);
  <T, U>(arg: T): U;
}

Promise.all<void>([]);

================================================================================
`;

exports[`callSignature.ts format[acorn-ts] 1`] = `
"Unexpected token (4:5)
  2 |     ();
  3 |     (): void;
> 4 |     <T, U>(arg: T);
    |     ^
  5 |     <T, U>(arg: T): U;
  6 | }
  7 |
Cause: Unexpected token (4:4)"
`;
