// Jest Snapshot v1, https://jestjs.io/docs/snapshot-testing

exports[`single_expand.ts format 1`] = `
====================================options=====================================
parsers: ["typescript", "flow"]
                                                      printWidth: 80 (default) |
=====================================input======================================
function onDidInsertSuggestion({
  editor,
  triggerPosition,
  re
}): Promise<void> {
}

class X {
  async onDidInsertSuggestion({editor, triggerPosition, suggestion}): Promise<
    void
  > {
  }
}

=====================================output=====================================
function onDidInsertSuggestion({
  editor,
  triggerPosition,
  re,
}): Promise<void> {}

class X {
  async onDidInsertSuggestion({
    editor,
    triggerPosition,
    suggestion,
  }): Promise<void> {}
}

================================================================================
`;

exports[`single_expand.ts format[acorn-ts] 1`] = `
"Unexpected token (5:12)
  3 |   triggerPosition,
  4 |   re
> 5 | }): Promise<void> {
    |            ^
  6 | }
  7 |
  8 | class X {
Cause: Unexpected token (5:11)"
`;
