// Jest Snapshot v1, https://jestjs.io/docs/snapshot-testing

exports[`comma.ts format 1`] = `
====================================options=====================================
parsers: ["typescript"]
                                                      printWidth: 80 (default) |
=====================================input======================================
type A = import("foo", {
  with: {
  type: "json",}})
type A = import("foo", {
  with: {
  type: "json"},})
// Not supported, https://github.com/microsoft/TypeScript/issues/61489
// type A = import("foo", {
//   with: {
//   type: "json"}},)

=====================================output=====================================
type A = import("foo", {
  with: {
    type: "json",
  },
});
type A = import("foo", {
  with: {
    type: "json",
  },
});
// Not supported, https://github.com/microsoft/TypeScript/issues/61489
// type A = import("foo", {
//   with: {
//   type: "json"}},)

================================================================================
`;

exports[`comma.ts format[acorn-ts] 1`] = `
"Unexpected token (1:22)
> 1 | type A = import("foo", {
    |                      ^
  2 |   with: {
  3 |   type: "json",}})
  4 | type A = import("foo", {
Cause: Unexpected token (1:21)"
`;
