// Jest Snapshot v1, https://jestjs.io/docs/snapshot-testing

exports[`abstract-construct-types.ts format 1`] = `
====================================options=====================================
parsers: ["typescript"]
                                                      printWidth: 80 (default) |
=====================================input======================================
type T1 = abstract new () => void;
type T2 = abstract    new () => void;
type T3 = abstract
  new () => void;

=====================================output=====================================
type T1 = abstract new () => void;
type T2 = abstract new () => void;
type T3 = abstract new () => void;

================================================================================
`;
