// Jest Snapshot v1, https://goo.gl/fbAQLP

exports[`variance.js format 1`] = `
====================================options=====================================
parsers: ["flow", "babel"]
printWidth: 80
                                                                                | printWidth
=====================================input======================================
// @flow

class Route {
  static +param: T;
}

=====================================output=====================================
// @flow

class Route {
  static +param: T;
}

================================================================================
`;
